// Jest Snapshot v1, https://goo.gl/fbAQLP

exports[`AddTaskForm should create AddTaskForm 1`] = `
Object {
  "asFragment": [Function],
  "baseElement": <body>
    <div>
      <form
        class="AddTaskForm"
      >
        <h2
          class="AddTaskForm__title"
        >
          Create a task
        </h2>
        <div
          class="AddTaskForm__inputArea"
        >
          <textarea
            class="Textarea"
            title="Textarea"
          >
            Your task
          </textarea>
          <div
            class="Container"
          >
            Start time:
            <div
              class="Container__startTime"
            >
              <select
                class="TimeSelect"
                title="Start hour"
              >
                <option>
                  0
                </option>
                <option>
                  1
                </option>
                <option>
                  2
                </option>
                <option>
                  3
                </option>
                <option>
                  4
                </option>
                <option>
                  5
                </option>
                <option>
                  6
                </option>
                <option>
                  7
                </option>
                <option>
                  8
                </option>
                <option>
                  9
                </option>
                <option>
                  10
                </option>
                <option>
                  11
                </option>
                <option>
                  12
                </option>
                <option>
                  13
                </option>
                <option>
                  14
                </option>
                <option>
                  15
                </option>
                <option>
                  16
                </option>
                <option>
                  17
                </option>
                <option>
                  18
                </option>
                <option>
                  19
                </option>
                <option>
                  20
                </option>
                <option>
                  21
                </option>
                <option>
                  22
                </option>
                <option>
                  23
                </option>
              </select>
              <b
                style="font-size: 1.3rem;"
              >
                 : 
              </b>
              <select
                class="TimeSelect"
                title="Start minute"
              >
                <option>
                  0
                </option>
                <option>
                  1
                </option>
                <option>
                  2
                </option>
                <option>
                  3
                </option>
                <option>
                  4
                </option>
                <option>
                  5
                </option>
                <option>
                  6
                </option>
                <option>
                  7
                </option>
                <option>
                  8
                </option>
                <option>
                  9
                </option>
                <option>
                  10
                </option>
                <option>
                  11
                </option>
                <option>
                  12
                </option>
                <option>
                  13
                </option>
                <option>
                  14
                </option>
                <option>
                  15
                </option>
                <option>
                  16
                </option>
                <option>
                  17
                </option>
                <option>
                  18
                </option>
                <option>
                  19
                </option>
                <option>
                  20
                </option>
                <option>
                  21
                </option>
                <option>
                  22
                </option>
                <option>
                  23
                </option>
                <option>
                  24
                </option>
                <option>
                  25
                </option>
                <option>
                  26
                </option>
                <option>
                  27
                </option>
                <option>
                  28
                </option>
                <option>
                  29
                </option>
                <option>
                  30
                </option>
                <option>
                  31
                </option>
                <option>
                  32
                </option>
                <option>
                  33
                </option>
                <option>
                  34
                </option>
                <option>
                  35
                </option>
                <option>
                  36
                </option>
                <option>
                  37
                </option>
                <option>
                  38
                </option>
                <option>
                  39
                </option>
                <option>
                  40
                </option>
                <option>
                  41
                </option>
                <option>
                  42
                </option>
                <option>
                  43
                </option>
                <option>
                  44
                </option>
                <option>
                  45
                </option>
                <option>
                  46
                </option>
                <option>
                  47
                </option>
                <option>
                  48
                </option>
                <option>
                  49
                </option>
                <option>
                  50
                </option>
                <option>
                  51
                </option>
                <option>
                  52
                </option>
                <option>
                  53
                </option>
                <option>
                  54
                </option>
                <option>
                  55
                </option>
                <option>
                  56
                </option>
                <option>
                  57
                </option>
                <option>
                  58
                </option>
                <option>
                  59
                </option>
              </select>
            </div>
            End time:
            <div
              class="Container__endTime"
            >
              <select
                class="TimeSelect"
                title="End hour"
              >
                <option>
                  0
                </option>
                <option>
                  1
                </option>
                <option>
                  2
                </option>
                <option>
                  3
                </option>
                <option>
                  4
                </option>
                <option>
                  5
                </option>
                <option>
                  6
                </option>
                <option>
                  7
                </option>
                <option>
                  8
                </option>
                <option>
                  9
                </option>
                <option>
                  10
                </option>
                <option>
                  11
                </option>
                <option>
                  12
                </option>
                <option>
                  13
                </option>
                <option>
                  14
                </option>
                <option>
                  15
                </option>
                <option>
                  16
                </option>
                <option>
                  17
                </option>
                <option>
                  18
                </option>
                <option>
                  19
                </option>
                <option>
                  20
                </option>
                <option>
                  21
                </option>
                <option>
                  22
                </option>
                <option>
                  23
                </option>
              </select>
              <b
                style="font-size: 1.3rem;"
              >
                 : 
              </b>
              <select
                class="TimeSelect"
                title="End minute"
              >
                <option>
                  0
                </option>
                <option>
                  1
                </option>
                <option>
                  2
                </option>
                <option>
                  3
                </option>
                <option>
                  4
                </option>
                <option>
                  5
                </option>
                <option>
                  6
                </option>
                <option>
                  7
                </option>
                <option>
                  8
                </option>
                <option>
                  9
                </option>
                <option>
                  10
                </option>
                <option>
                  11
                </option>
                <option>
                  12
                </option>
                <option>
                  13
                </option>
                <option>
                  14
                </option>
                <option>
                  15
                </option>
                <option>
                  16
                </option>
                <option>
                  17
                </option>
                <option>
                  18
                </option>
                <option>
                  19
                </option>
                <option>
                  20
                </option>
                <option>
                  21
                </option>
                <option>
                  22
                </option>
                <option>
                  23
                </option>
                <option>
                  24
                </option>
                <option>
                  25
                </option>
                <option>
                  26
                </option>
                <option>
                  27
                </option>
                <option>
                  28
                </option>
                <option>
                  29
                </option>
                <option>
                  30
                </option>
                <option>
                  31
                </option>
                <option>
                  32
                </option>
                <option>
                  33
                </option>
                <option>
                  34
                </option>
                <option>
                  35
                </option>
                <option>
                  36
                </option>
                <option>
                  37
                </option>
                <option>
                  38
                </option>
                <option>
                  39
                </option>
                <option>
                  40
                </option>
                <option>
                  41
                </option>
                <option>
                  42
                </option>
                <option>
                  43
                </option>
                <option>
                  44
                </option>
                <option>
                  45
                </option>
                <option>
                  46
                </option>
                <option>
                  47
                </option>
                <option>
                  48
                </option>
                <option>
                  49
                </option>
                <option>
                  50
                </option>
                <option>
                  51
                </option>
                <option>
                  52
                </option>
                <option>
                  53
                </option>
                <option>
                  54
                </option>
                <option>
                  55
                </option>
                <option>
                  56
                </option>
                <option>
                  57
                </option>
                <option>
                  58
                </option>
                <option>
                  59
                </option>
              </select>
            </div>
          </div>
          <p
            class="ColorPicker__title"
          >
            Theme:
          </p>
          <select
            class="ColorPicker"
            style="background-color: beige;"
            title="Task color"
          >
            <option
              selected=""
              style="background-color: beige;"
              value="beige"
            >
              beige
            </option>
            <option
              style="background-color: rgb(0, 255, 127);"
              value="#00FF7F"
            >
              green
            </option>
            <option
              style="background-color: rgba(205, 92, 92, 1);"
              value="#CD5C5CFF"
            >
              red
            </option>
            <option
              style="background-color: rgb(192, 192, 192);"
              value="#C0C0C0"
            >
              silver
            </option>
            <option
              style="background-color: rgb(65, 105, 225);"
              value="#4169E1"
            >
              blue
            </option>
          </select>
        </div>
        <div
          class="AddTaskForm__buttonArea"
        >
          <div
            class="Button"
            title="Add task"
          >
            Create
          </div>
        </div>
      </form>
    </div>
  </body>,
  "container": <div>
    <form
      class="AddTaskForm"
    >
      <h2
        class="AddTaskForm__title"
      >
        Create a task
      </h2>
      <div
        class="AddTaskForm__inputArea"
      >
        <textarea
          class="Textarea"
          title="Textarea"
        >
          Your task
        </textarea>
        <div
          class="Container"
        >
          Start time:
          <div
            class="Container__startTime"
          >
            <select
              class="TimeSelect"
              title="Start hour"
            >
              <option>
                0
              </option>
              <option>
                1
              </option>
              <option>
                2
              </option>
              <option>
                3
              </option>
              <option>
                4
              </option>
              <option>
                5
              </option>
              <option>
                6
              </option>
              <option>
                7
              </option>
              <option>
                8
              </option>
              <option>
                9
              </option>
              <option>
                10
              </option>
              <option>
                11
              </option>
              <option>
                12
              </option>
              <option>
                13
              </option>
              <option>
                14
              </option>
              <option>
                15
              </option>
              <option>
                16
              </option>
              <option>
                17
              </option>
              <option>
                18
              </option>
              <option>
                19
              </option>
              <option>
                20
              </option>
              <option>
                21
              </option>
              <option>
                22
              </option>
              <option>
                23
              </option>
            </select>
            <b
              style="font-size: 1.3rem;"
            >
               : 
            </b>
            <select
              class="TimeSelect"
              title="Start minute"
            >
              <option>
                0
              </option>
              <option>
                1
              </option>
              <option>
                2
              </option>
              <option>
                3
              </option>
              <option>
                4
              </option>
              <option>
                5
              </option>
              <option>
                6
              </option>
              <option>
                7
              </option>
              <option>
                8
              </option>
              <option>
                9
              </option>
              <option>
                10
              </option>
              <option>
                11
              </option>
              <option>
                12
              </option>
              <option>
                13
              </option>
              <option>
                14
              </option>
              <option>
                15
              </option>
              <option>
                16
              </option>
              <option>
                17
              </option>
              <option>
                18
              </option>
              <option>
                19
              </option>
              <option>
                20
              </option>
              <option>
                21
              </option>
              <option>
                22
              </option>
              <option>
                23
              </option>
              <option>
                24
              </option>
              <option>
                25
              </option>
              <option>
                26
              </option>
              <option>
                27
              </option>
              <option>
                28
              </option>
              <option>
                29
              </option>
              <option>
                30
              </option>
              <option>
                31
              </option>
              <option>
                32
              </option>
              <option>
                33
              </option>
              <option>
                34
              </option>
              <option>
                35
              </option>
              <option>
                36
              </option>
              <option>
                37
              </option>
              <option>
                38
              </option>
              <option>
                39
              </option>
              <option>
                40
              </option>
              <option>
                41
              </option>
              <option>
                42
              </option>
              <option>
                43
              </option>
              <option>
                44
              </option>
              <option>
                45
              </option>
              <option>
                46
              </option>
              <option>
                47
              </option>
              <option>
                48
              </option>
              <option>
                49
              </option>
              <option>
                50
              </option>
              <option>
                51
              </option>
              <option>
                52
              </option>
              <option>
                53
              </option>
              <option>
                54
              </option>
              <option>
                55
              </option>
              <option>
                56
              </option>
              <option>
                57
              </option>
              <option>
                58
              </option>
              <option>
                59
              </option>
            </select>
          </div>
          End time:
          <div
            class="Container__endTime"
          >
            <select
              class="TimeSelect"
              title="End hour"
            >
              <option>
                0
              </option>
              <option>
                1
              </option>
              <option>
                2
              </option>
              <option>
                3
              </option>
              <option>
                4
              </option>
              <option>
                5
              </option>
              <option>
                6
              </option>
              <option>
                7
              </option>
              <option>
                8
              </option>
              <option>
                9
              </option>
              <option>
                10
              </option>
              <option>
                11
              </option>
              <option>
                12
              </option>
              <option>
                13
              </option>
              <option>
                14
              </option>
              <option>
                15
              </option>
              <option>
                16
              </option>
              <option>
                17
              </option>
              <option>
                18
              </option>
              <option>
                19
              </option>
              <option>
                20
              </option>
              <option>
                21
              </option>
              <option>
                22
              </option>
              <option>
                23
              </option>
            </select>
            <b
              style="font-size: 1.3rem;"
            >
               : 
            </b>
            <select
              class="TimeSelect"
              title="End minute"
            >
              <option>
                0
              </option>
              <option>
                1
              </option>
              <option>
                2
              </option>
              <option>
                3
              </option>
              <option>
                4
              </option>
              <option>
                5
              </option>
              <option>
                6
              </option>
              <option>
                7
              </option>
              <option>
                8
              </option>
              <option>
                9
              </option>
              <option>
                10
              </option>
              <option>
                11
              </option>
              <option>
                12
              </option>
              <option>
                13
              </option>
              <option>
                14
              </option>
              <option>
                15
              </option>
              <option>
                16
              </option>
              <option>
                17
              </option>
              <option>
                18
              </option>
              <option>
                19
              </option>
              <option>
                20
              </option>
              <option>
                21
              </option>
              <option>
                22
              </option>
              <option>
                23
              </option>
              <option>
                24
              </option>
              <option>
                25
              </option>
              <option>
                26
              </option>
              <option>
                27
              </option>
              <option>
                28
              </option>
              <option>
                29
              </option>
              <option>
                30
              </option>
              <option>
                31
              </option>
              <option>
                32
              </option>
              <option>
                33
              </option>
              <option>
                34
              </option>
              <option>
                35
              </option>
              <option>
                36
              </option>
              <option>
                37
              </option>
              <option>
                38
              </option>
              <option>
                39
              </option>
              <option>
                40
              </option>
              <option>
                41
              </option>
              <option>
                42
              </option>
              <option>
                43
              </option>
              <option>
                44
              </option>
              <option>
                45
              </option>
              <option>
                46
              </option>
              <option>
                47
              </option>
              <option>
                48
              </option>
              <option>
                49
              </option>
              <option>
                50
              </option>
              <option>
                51
              </option>
              <option>
                52
              </option>
              <option>
                53
              </option>
              <option>
                54
              </option>
              <option>
                55
              </option>
              <option>
                56
              </option>
              <option>
                57
              </option>
              <option>
                58
              </option>
              <option>
                59
              </option>
            </select>
          </div>
        </div>
        <p
          class="ColorPicker__title"
        >
          Theme:
        </p>
        <select
          class="ColorPicker"
          style="background-color: beige;"
          title="Task color"
        >
          <option
            selected=""
            style="background-color: beige;"
            value="beige"
          >
            beige
          </option>
          <option
            style="background-color: rgb(0, 255, 127);"
            value="#00FF7F"
          >
            green
          </option>
          <option
            style="background-color: rgba(205, 92, 92, 1);"
            value="#CD5C5CFF"
          >
            red
          </option>
          <option
            style="background-color: rgb(192, 192, 192);"
            value="#C0C0C0"
          >
            silver
          </option>
          <option
            style="background-color: rgb(65, 105, 225);"
            value="#4169E1"
          >
            blue
          </option>
        </select>
      </div>
      <div
        class="AddTaskForm__buttonArea"
      >
        <div
          class="Button"
          title="Add task"
        >
          Create
        </div>
      </div>
    </form>
  </div>,
  "debug": [Function],
  "findAllByAltText": [Function],
  "findAllByDisplayValue": [Function],
  "findAllByLabelText": [Function],
  "findAllByPlaceholderText": [Function],
  "findAllByRole": [Function],
  "findAllByTestId": [Function],
  "findAllByText": [Function],
  "findAllByTitle": [Function],
  "findByAltText": [Function],
  "findByDisplayValue": [Function],
  "findByLabelText": [Function],
  "findByPlaceholderText": [Function],
  "findByRole": [Function],
  "findByTestId": [Function],
  "findByText": [Function],
  "findByTitle": [Function],
  "getAllByAltText": [Function],
  "getAllByDisplayValue": [Function],
  "getAllByLabelText": [Function],
  "getAllByPlaceholderText": [Function],
  "getAllByRole": [Function],
  "getAllByTestId": [Function],
  "getAllByText": [Function],
  "getAllByTitle": [Function],
  "getByAltText": [Function],
  "getByDisplayValue": [Function],
  "getByLabelText": [Function],
  "getByPlaceholderText": [Function],
  "getByRole": [Function],
  "getByTestId": [Function],
  "getByText": [Function],
  "getByTitle": [Function],
  "queryAllByAltText": [Function],
  "queryAllByDisplayValue": [Function],
  "queryAllByLabelText": [Function],
  "queryAllByPlaceholderText": [Function],
  "queryAllByRole": [Function],
  "queryAllByTestId": [Function],
  "queryAllByText": [Function],
  "queryAllByTitle": [Function],
  "queryByAltText": [Function],
  "queryByDisplayValue": [Function],
  "queryByLabelText": [Function],
  "queryByPlaceholderText": [Function],
  "queryByRole": [Function],
  "queryByTestId": [Function],
  "queryByText": [Function],
  "queryByTitle": [Function],
  "rerender": [Function],
  "unmount": [Function],
}
`;
